keymaps 0-2,4-5
alt_is_meta
keycode   1 = a              
keycode   2 = b               
keycode   3 = c               
keycode   4 = d               
keycode   5 = e               
keycode   6 = f               
keycode   7 = g               
keycode   8 = h               
keycode   9 = i               
keycode  10 = j               
keycode  11 = k               
keycode  12 = l               
keycode  13 = m               
keycode  14 = n               
keycode  15 = o               
keycode  16 = p               
keycode  17 = q               
keycode  18 = r               
keycode  19 = s               
keycode  20 = t               
keycode  21 = u               
keycode  22 = v               
keycode  23 = w               
keycode  24 = x               
keycode  25 = y               
keycode  26 = z               
keycode  27 = Shift           
keycode  28 = Return          
keycode  29 = F11              
keycode  30 = AltGr
keycode  31 = BackSpace       
keycode  32 = Num_Lock             
keycode  33 = F15 
keycode  34 = Escape          
keycode  35 = Left           
	altgr keycode 35 = Decr_Console
keycode  36 = Up              
keycode  37 = Down            
keycode  38 = Right           
	altgr keycode 38 = Incr_Console
keycode  39 = Return          
keycode  40 = F12
keycode  41 = one             exclam		one
keycode  42 = two             quotedbl		two
keycode  43 = three           numbersign	three
keycode  44 = four            dollar		four
keycode  45 = five            percent		five
keycode  46 = six             ampersand		six
keycode  47 = seven           apostrophe	seven
keycode  48 = eight           parenleft		eight
keycode  49 = nine            parenright	nine
keycode  50 = zero            asciitilde	zero
keycode  51 = minus           equal
keycode  52 = asciicircum     asciitilde
keycode  53 = backslash       bar
keycode  54 = bracketleft     braceleft
keycode  55 = at              grave
keycode  56 = Control      
keycode  57 = Alt          
keycode  58 = minus           
keycode  59 = plus            
keycode  60 = Caps_Lock      
keycode  61 = at              
keycode  62 = question        
keycode  63 = comma           
keycode  64 = period          
keycode  65 = Tab             
keycode  66 = F5              
keycode  67 = F6              
keycode  68 = F7              
keycode  69 = slash           
keycode  70 = apostrophe      
keycode  71 = semicolon       
keycode  72 = quotedbl        
keycode  73 = colon           
keycode  74 = numbersign      
keycode  75 = dollar          
keycode  76 = percent         
keycode  77 = underscore      
keycode  78 = ampersand       
keycode  79 = asterisk        
keycode  80 = parenleft       
keycode  81 = Delete          
keycode  82 = F10             
keycode  83 = equal           
keycode  84 = parenright      
keycode  85 = asciitilde      
keycode  86 = less            
keycode  87 = greater         
keycode  88 = F9              
keycode  89 = F10             
keycode  90 = F13             
keycode  91 = space           
	control	keycode  91 = nul             
keycode  92 = space           
	control	keycode  92 = nul             
keycode  93 =  
keycode  94 = exclam
keycode  95 = semicolon
keycode  96 = colon
keycode  97 = bracketright
keycode  98 = comma
keycode  99 = period
keycode 100 = slash
keycode 101 = underscore
keycode 102 = F15
keycode 103 = Shift           
keycode 104 = Find         
keycode 105 = Select         
keycode 106 = Prior             
keycode 107 = Next             
keycode 108 = AltGr           
keycode 109 = F31
keycode 110 = 
keycode 111 =
keycode 112 = Shift
keycode 113 =
keycode 114 =
keycode 115 =
keycode 116 = underscore
keycode 117 = Control
keycode 118 =
keycode 119 =
keycode 120 = F24
keycode 121 = Left
keycode 122 = Up
keycode 123 = Down
keycode 124 = Right
keycode 125 = Up
keycode 126 = Down
keycode 127 =
